{
    "samples": [
        "",
        "1911087457/2025199967H",
        "",
        "9886650H/131789259H",
        "1324835599H"
    ],
    "seed": 300465375
}